../Core/Src/ili9163.c:10:6:ILI9163_writeCommand	16	static
../Core/Src/ili9163.c:19:6:ILI9163_writeData	16	static
../Core/Src/ili9163.c:28:6:ILI9163_writeData16	24	static
../Core/Src/ili9163.c:38:6:ILI9163_setAddress	24	static
../Core/Src/ili9163.c:50:6:ILI9163_reset	8	static
../Core/Src/ili9163.c:59:6:ILI9163_init	16	static
../Core/Src/ili9163.c:166:6:ILI9163_newFrame	16	static
../Core/Src/ili9163.c:175:6:ILI9163_render	8	static
../Core/Src/ili9163.c:188:6:ILI9163_drawPixel	16	static
../Core/Src/ili9163.c:195:6:ILI9163_fillRect	32	static
../Core/Src/ili9163.c:202:6:ILI9163_drawRect	32	static
../Core/Src/ili9163.c:210:6:ILI9163_drawLine	40	static
../Core/Src/ili9163.c:258:6:ILI9163_fillCircle	32	static
../Core/Src/ili9163.c:265:6:ILI9163_drawCircle	40	static
../Core/Src/ili9163.c:299:6:ILI9163_fillDisplay	24	static
../Core/Src/ili9163.c:303:6:ILI9163_drawChar	24	static
../Core/Src/ili9163.c:315:6:ILI9163_drawString	40	static
../Core/Src/ili9163.c:337:6:ILI9163_drawStringF	112	static
